[debug] [2025-06-25T12:22:30.820Z] ----------------------------------------------------------------------
[debug] [2025-06-25T12:22:30.822Z] Command:       C:\Program Files\nodejs\node.exe C:\Program Files\nodejs\node_modules\firebase-tools\lib\bin\firebase.js init
[debug] [2025-06-25T12:22:30.822Z] CLI Version:   14.2.2
[debug] [2025-06-25T12:22:30.823Z] Platform:      win32
[debug] [2025-06-25T12:22:30.823Z] Node Version:  v22.11.0
[debug] [2025-06-25T12:22:30.823Z] Time:          Wed Jun 25 2025 09:22:30 GMT-0300 (Argentina Standard Time)
[debug] [2025-06-25T12:22:30.823Z] ----------------------------------------------------------------------
[debug] 
[debug] [2025-06-25T12:22:31.005Z] > command requires scopes: ["email","openid","https://www.googleapis.com/auth/cloudplatformprojects.readonly","https://www.googleapis.com/auth/firebase","https://www.googleapis.com/auth/cloud-platform"]
[debug] [2025-06-25T12:22:31.005Z] > authorizing via signed-in user (roberpetit@gmail.com)
[info] 
     ######## #### ########  ######## ########     ###     ######  ########
     ##        ##  ##     ## ##       ##     ##  ##   ##  ##       ##
     ######    ##  ########  ######   ########  #########  ######  ######
     ##        ##  ##    ##  ##       ##     ## ##     ##       ## ##
     ##       #### ##     ## ######## ########  ##     ##  ######  ########

You're about to initialize a Firebase project in this directory:

  C:\workspace\cafemenu\cafemenu-monorepo

Before we get started, keep in mind:

  * You are currently outside your home directory
  * You are initializing within an existing Firebase project directory

